------------------------------------------------------------
Timing Analyzer Summary
------------------------------------------------------------

Type  : Slow 1200mV 85C Model Setup 'CLOCK_50'
Slack : -2.956
TNS   : -86.770

Type  : Slow 1200mV 85C Model Setup 'DrinksFSM:drink_core|pState.S5'
Slack : -1.652
TNS   : -8.432

Type  : Slow 1200mV 85C Model Setup 'DebounceUnit:sw_debounce|s_pulsedOut'
Slack : -0.222
TNS   : -0.279

Type  : Slow 1200mV 85C Model Hold 'DebounceUnit:sw_debounce|s_pulsedOut'
Slack : 0.464
TNS   : 0.000

Type  : Slow 1200mV 85C Model Hold 'CLOCK_50'
Slack : 0.572
TNS   : 0.000

Type  : Slow 1200mV 85C Model Hold 'DrinksFSM:drink_core|pState.S5'
Slack : 0.647
TNS   : 0.000

Type  : Slow 1200mV 85C Model Recovery 'DebounceUnit:sw_debounce|s_dirtyIn'
Slack : -3.282
TNS   : -3.282

Type  : Slow 1200mV 85C Model Removal 'DebounceUnit:sw_debounce|s_dirtyIn'
Slack : 3.751
TNS   : 0.000

Type  : Slow 1200mV 85C Model Minimum Pulse Width 'CLOCK_50'
Slack : -3.000
TNS   : -45.405

Type  : Slow 1200mV 85C Model Minimum Pulse Width 'DebounceUnit:sw_debounce|s_pulsedOut'
Slack : -1.285
TNS   : -7.710

Type  : Slow 1200mV 85C Model Minimum Pulse Width 'DebounceUnit:sw_debounce|s_dirtyIn'
Slack : -1.285
TNS   : -1.285

Type  : Slow 1200mV 85C Model Minimum Pulse Width 'DrinksFSM:drink_core|pState.S5'
Slack : 0.458
TNS   : 0.000

Type  : Slow 1200mV 0C Model Setup 'CLOCK_50'
Slack : -2.607
TNS   : -76.618

Type  : Slow 1200mV 0C Model Setup 'DrinksFSM:drink_core|pState.S5'
Slack : -1.390
TNS   : -7.059

Type  : Slow 1200mV 0C Model Setup 'DebounceUnit:sw_debounce|s_pulsedOut'
Slack : -0.124
TNS   : -0.124

Type  : Slow 1200mV 0C Model Hold 'DebounceUnit:sw_debounce|s_pulsedOut'
Slack : 0.413
TNS   : 0.000

Type  : Slow 1200mV 0C Model Hold 'CLOCK_50'
Slack : 0.521
TNS   : 0.000

Type  : Slow 1200mV 0C Model Hold 'DrinksFSM:drink_core|pState.S5'
Slack : 0.560
TNS   : 0.000

Type  : Slow 1200mV 0C Model Recovery 'DebounceUnit:sw_debounce|s_dirtyIn'
Slack : -2.944
TNS   : -2.944

Type  : Slow 1200mV 0C Model Removal 'DebounceUnit:sw_debounce|s_dirtyIn'
Slack : 3.472
TNS   : 0.000

Type  : Slow 1200mV 0C Model Minimum Pulse Width 'CLOCK_50'
Slack : -3.000
TNS   : -45.405

Type  : Slow 1200mV 0C Model Minimum Pulse Width 'DebounceUnit:sw_debounce|s_pulsedOut'
Slack : -1.285
TNS   : -7.710

Type  : Slow 1200mV 0C Model Minimum Pulse Width 'DebounceUnit:sw_debounce|s_dirtyIn'
Slack : -1.285
TNS   : -1.285

Type  : Slow 1200mV 0C Model Minimum Pulse Width 'DrinksFSM:drink_core|pState.S5'
Slack : 0.473
TNS   : 0.000

Type  : Fast 1200mV 0C Model Setup 'CLOCK_50'
Slack : -0.882
TNS   : -24.596

Type  : Fast 1200mV 0C Model Setup 'DrinksFSM:drink_core|pState.S5'
Slack : -0.323
TNS   : -1.204

Type  : Fast 1200mV 0C Model Setup 'DebounceUnit:sw_debounce|s_pulsedOut'
Slack : 0.445
TNS   : 0.000

Type  : Fast 1200mV 0C Model Hold 'DebounceUnit:sw_debounce|s_pulsedOut'
Slack : 0.163
TNS   : 0.000

Type  : Fast 1200mV 0C Model Hold 'CLOCK_50'
Slack : 0.259
TNS   : 0.000

Type  : Fast 1200mV 0C Model Hold 'DrinksFSM:drink_core|pState.S5'
Slack : 0.295
TNS   : 0.000

Type  : Fast 1200mV 0C Model Recovery 'DebounceUnit:sw_debounce|s_dirtyIn'
Slack : -1.489
TNS   : -1.489

Type  : Fast 1200mV 0C Model Removal 'DebounceUnit:sw_debounce|s_dirtyIn'
Slack : 2.183
TNS   : 0.000

Type  : Fast 1200mV 0C Model Minimum Pulse Width 'CLOCK_50'
Slack : -3.000
TNS   : -38.140

Type  : Fast 1200mV 0C Model Minimum Pulse Width 'DebounceUnit:sw_debounce|s_pulsedOut'
Slack : -1.000
TNS   : -6.000

Type  : Fast 1200mV 0C Model Minimum Pulse Width 'DebounceUnit:sw_debounce|s_dirtyIn'
Slack : -1.000
TNS   : -1.000

Type  : Fast 1200mV 0C Model Minimum Pulse Width 'DrinksFSM:drink_core|pState.S5'
Slack : 0.409
TNS   : 0.000

------------------------------------------------------------
