------------------------------------------------------------
Timing Analyzer Summary
------------------------------------------------------------

Type  : Slow 1200mV 85C Model Setup 'CLOCK_50'
Slack : -3.194
TNS   : -73.964

Type  : Slow 1200mV 85C Model Setup 'GenPulses:pulseGenerator|pulse'
Slack : -0.248
TNS   : -0.471

Type  : Slow 1200mV 85C Model Hold 'GenPulses:pulseGenerator|pulse'
Slack : 0.402
TNS   : 0.000

Type  : Slow 1200mV 85C Model Hold 'CLOCK_50'
Slack : 0.425
TNS   : 0.000

Type  : Slow 1200mV 85C Model Minimum Pulse Width 'CLOCK_50'
Slack : -3.000
TNS   : -36.410

Type  : Slow 1200mV 85C Model Minimum Pulse Width 'GenPulses:pulseGenerator|pulse'
Slack : -1.285
TNS   : -5.140

Type  : Slow 1200mV 0C Model Setup 'CLOCK_50'
Slack : -2.856
TNS   : -65.681

Type  : Slow 1200mV 0C Model Setup 'GenPulses:pulseGenerator|pulse'
Slack : -0.126
TNS   : -0.228

Type  : Slow 1200mV 0C Model Hold 'GenPulses:pulseGenerator|pulse'
Slack : 0.353
TNS   : 0.000

Type  : Slow 1200mV 0C Model Hold 'CLOCK_50'
Slack : 0.384
TNS   : 0.000

Type  : Slow 1200mV 0C Model Minimum Pulse Width 'CLOCK_50'
Slack : -3.000
TNS   : -36.410

Type  : Slow 1200mV 0C Model Minimum Pulse Width 'GenPulses:pulseGenerator|pulse'
Slack : -1.285
TNS   : -5.140

Type  : Fast 1200mV 0C Model Setup 'CLOCK_50'
Slack : -0.989
TNS   : -21.280

Type  : Fast 1200mV 0C Model Setup 'GenPulses:pulseGenerator|pulse'
Slack : 0.387
TNS   : 0.000

Type  : Fast 1200mV 0C Model Hold 'GenPulses:pulseGenerator|pulse'
Slack : 0.181
TNS   : 0.000

Type  : Fast 1200mV 0C Model Hold 'CLOCK_50'
Slack : 0.192
TNS   : 0.000

Type  : Fast 1200mV 0C Model Minimum Pulse Width 'CLOCK_50'
Slack : -3.000
TNS   : -30.720

Type  : Fast 1200mV 0C Model Minimum Pulse Width 'GenPulses:pulseGenerator|pulse'
Slack : -1.000
TNS   : -4.000

------------------------------------------------------------
