------------------------------------------------------------
Timing Analyzer Summary
------------------------------------------------------------

Type  : Slow 1200mV 85C Model Setup 'CLOCK_50'
Slack : -2.943
TNS   : -75.362

Type  : Slow 1200mV 85C Model Setup 'ClkDividerN:divisor|clkOut'
Slack : 0.130
TNS   : 0.000

Type  : Slow 1200mV 85C Model Hold 'ClkDividerN:divisor|clkOut'
Slack : 0.433
TNS   : 0.000

Type  : Slow 1200mV 85C Model Hold 'CLOCK_50'
Slack : 0.540
TNS   : 0.000

Type  : Slow 1200mV 85C Model Minimum Pulse Width 'CLOCK_50'
Slack : -3.000
TNS   : -38.980

Type  : Slow 1200mV 85C Model Minimum Pulse Width 'ClkDividerN:divisor|clkOut'
Slack : -1.285
TNS   : -3.855

Type  : Slow 1200mV 0C Model Setup 'CLOCK_50'
Slack : -2.630
TNS   : -66.949

Type  : Slow 1200mV 0C Model Setup 'ClkDividerN:divisor|clkOut'
Slack : 0.217
TNS   : 0.000

Type  : Slow 1200mV 0C Model Hold 'ClkDividerN:divisor|clkOut'
Slack : 0.399
TNS   : 0.000

Type  : Slow 1200mV 0C Model Hold 'CLOCK_50'
Slack : 0.479
TNS   : 0.000

Type  : Slow 1200mV 0C Model Minimum Pulse Width 'CLOCK_50'
Slack : -3.000
TNS   : -38.980

Type  : Slow 1200mV 0C Model Minimum Pulse Width 'ClkDividerN:divisor|clkOut'
Slack : -1.285
TNS   : -3.855

Type  : Fast 1200mV 0C Model Setup 'CLOCK_50'
Slack : -0.902
TNS   : -21.862

Type  : Fast 1200mV 0C Model Setup 'ClkDividerN:divisor|clkOut'
Slack : 0.574
TNS   : 0.000

Type  : Fast 1200mV 0C Model Hold 'ClkDividerN:divisor|clkOut'
Slack : 0.191
TNS   : 0.000

Type  : Fast 1200mV 0C Model Hold 'CLOCK_50'
Slack : 0.247
TNS   : 0.000

Type  : Fast 1200mV 0C Model Minimum Pulse Width 'CLOCK_50'
Slack : -3.000
TNS   : -32.948

Type  : Fast 1200mV 0C Model Minimum Pulse Width 'ClkDividerN:divisor|clkOut'
Slack : -1.000
TNS   : -3.000

------------------------------------------------------------
